╭────────────────╮╭──────────────────────────────────────────────────────────────────────────────╮╭────────╮[K
│    Profiles    ││  Dumps                                                                       ││  Jobs  │[K
│                ││  ID                          Profile       Created               Size        ││ (idle) │[K
│ No items.      ││                                                                              │╰────────╯[K
│                ││                                                                              │          [K
│                ││                                                                              │          [K
│                ││                                                                              │          [K
│                ││                                                                              │          [K
│                ││                                                                              │          [K
│                ││                                                                              │          [K
│                ││                                                                              │          [K
│                ││                                                                              │          [K
│                ││                                                                              │          [K
│                ││                                                                              │          [K
│                ││                                                                              │          [K
│                ││                                                                              │          [K
│                ││                                                                              │          [K
│                ││                                                                              │          [K
│                ││                                                                              │          [K
│                ││                                                                              │          [K
│                ││                                                                              │          [K
│                ││                                                                              │          [K
│                ││                                                                              │          [K
│                ││                                                                              │          [K
│                │╰──────────────────────────────────────────────────────────────────────────────╯          [K
╰────────────────╯                                                                                          [K
 b backup · r restore · tab focus · q quit                                                                              [2K[?2004l[?25h[?1002l[?1003l[?1006l